[2026-08-02 13:08:37]
Version: 2.0
Action: rungame
ActionData: /recalbox/share/roms/gbc/Asterix & Obelix (Europe) (En,Fr,De,Es).zip
System: Game Boy Color
SystemId: gbc
Game: Asterix And Obelix
GamePath: /recalbox/share/roms/gbc/Asterix & Obelix (Europe) (En,Fr,De,Es).zip
ImagePath: /recalbox/share/roms/gbc/downloaded_images/Asterix & Obelix (Europe) (En,Fr,De,Es)-image.png
IsFolder: 0
ThumbnailPath: 
VideoPath: 
Developer: Bit Managers
Publisher: Infogrames Multimedia SA
Players: 0
Region: eu
Genre: Action
GenreId: 0
Favorite: 0
Hidden: 0
Adult: 0
Emulator: libretro
Core: gambatte
DefaultEmulator: libretro
DefaultCore: gambatte
State: playing
---
[2026-08-02 13:08:44]
Version: 2.0
Action: endgame
ActionData: /recalbox/share/roms/gbc/Asterix & Obelix (Europe) (En,Fr,De,Es).zip
System: Game Boy Color
SystemId: gbc
Game: Asterix And Obelix
GamePath: /recalbox/share/roms/gbc/Asterix & Obelix (Europe) (En,Fr,De,Es).zip
ImagePath: /recalbox/share/roms/gbc/downloaded_images/Asterix & Obelix (Europe) (En,Fr,De,Es)-image.png
IsFolder: 0
ThumbnailPath: 
VideoPath: 
Developer: Bit Managers
Publisher: Infogrames Multimedia SA
Players: 0
Region: eu
Genre: Action
GenreId: 0
Favorite: 0
Hidden: 0
Adult: 0
Emulator: libretro
Core: gambatte
DefaultEmulator: libretro
DefaultCore: gambatte
State: selected
---
[2026-08-02 13:08:50]
Version: 2.0
Action: rungame
ActionData: /recalbox/share/roms/gbc/Crystalis (Patch FR).zip
System: Game Boy Color
SystemId: gbc
Game: Crystalis
GamePath: /recalbox/share/roms/gbc/Crystalis (Patch FR).zip
ImagePath: /recalbox/share/roms/gbc/downloaded_images/Crystalis (Patch FR)-image.png
IsFolder: 0
ThumbnailPath: 
VideoPath: 
Developer: Nintendo
Publisher: Nintendo
Players: 1
Region: 
Genre: Jeu de rôles
GenreId: 0
Favorite: 0
Hidden: 0
Adult: 0
Emulator: libretro
Core: gambatte
DefaultEmulator: libretro
DefaultCore: gambatte
State: playing
---
[2026-08-02 13:08:55]
Version: 2.0
Action: endgame
ActionData: /recalbox/share/roms/gbc/Crystalis (Patch FR).zip
System: Game Boy Color
SystemId: gbc
Game: Crystalis
GamePath: /recalbox/share/roms/gbc/Crystalis (Patch FR).zip
ImagePath: /recalbox/share/roms/gbc/downloaded_images/Crystalis (Patch FR)-image.png
IsFolder: 0
ThumbnailPath: 
VideoPath: 
Developer: Nintendo
Publisher: Nintendo
Players: 1
Region: 
Genre: Jeu de rôles
GenreId: 0
Favorite: 0
Hidden: 0
Adult: 0
Emulator: libretro
Core: gambatte
DefaultEmulator: libretro
DefaultCore: gambatte
State: selected
---
[2026-08-02 14:03:50]
Version: 2.0
Action: rungame
ActionData: /recalbox/share/roms/megadrive/Mickey Mouse - World Of Illusion.zip
System: Sega Megadrive
SystemId: megadrive
Game: World of Illusion Starring Mickey Mouse and Donald
GamePath: /recalbox/share/roms/megadrive/Mickey Mouse - World Of Illusion.zip
ImagePath: /recalbox/share/roms/megadrive/downloaded_images/Mickey Mouse - World Of Illusion-image.png
IsFolder: 0
ThumbnailPath: 
VideoPath: 
Developer: Sega
Publisher: Sega
Players: 1-2
Region: 
Genre: Plateforme
GenreId: 0
Favorite: 0
Hidden: 0
Adult: 0
Emulator: libretro
Core: picodrive
DefaultEmulator: libretro
DefaultCore: picodrive
State: playing
---
[2026-08-02 14:07:39]
Version: 2.0
Action: endgame
ActionData: /recalbox/share/roms/megadrive/Mickey Mouse - World Of Illusion.zip
System: Sega Megadrive
SystemId: megadrive
Game: World of Illusion Starring Mickey Mouse and Donald
GamePath: /recalbox/share/roms/megadrive/Mickey Mouse - World Of Illusion.zip
ImagePath: /recalbox/share/roms/megadrive/downloaded_images/Mickey Mouse - World Of Illusion-image.png
IsFolder: 0
ThumbnailPath: 
VideoPath: 
Developer: Sega
Publisher: Sega
Players: 1-2
Region: 
Genre: Plateforme
GenreId: 0
Favorite: 0
Hidden: 0
Adult: 0
Emulator: libretro
Core: picodrive
DefaultEmulator: libretro
DefaultCore: picodrive
State: selected
---
